ets Jul 29 2019 12:21:46

rst:0x1 (POWERON_RESET),boot:0x13 (SPI_FAST_FLASH_BOOT)
configsip: 0, SPIWP:0xee
clk_drv:0x00,q_drv:0x00,d_drv:0x00,cs0_drv:0x00,hd_drv:0x00,wp_drv:0x00
mode:DIO, clock div:2
load:0x3fff0030,len:7084
ho 0 tail 12 room 4
load:0x40078000,len:15584
load:0x40080400,len:4
load:0x40080404,len:3876
entry 0x4008064c
[0;32mI (31) boot: ESP-IDF v5.1.1-dirty 2nd stage bootloader[0m
[0;32mI (31) boot: compile time Dec 15 2023 19:59:14[0m
[0;32mI (31) boot: Multicore bootloader[0m
[0;32mI (36) boot: chip revision: v3.1[0m
[0;32mI (40) boot.esp32: SPI Speed      : 40MHz[0m
[0;32mI (44) boot.esp32: SPI Mode       : DIO[0m
[0;32mI (49) boot.esp32: SPI Flash Size : 2MB[0m
[0;32mI (53) boot: Enabling RNG early entropy source...[0m
[0;32mI (59) boot: Partition Table:[0m
[0;32mI (62) boot: ## Label            Usage          Type ST Offset   Length[0m
[0;32mI (70) boot:  0 nvs              WiFi data        01 02 00009000 00006000[0m
[0;32mI (77) boot:  1 phy_init         RF data          01 01 0000f000 00001000[0m
[0;32mI (85) boot:  2 factory          factory app      00 00 00010000 00100000[0m
[0;32mI (92) boot: End of partition table[0m
[0;32mI (96) esp_image: segment 0: paddr=00010020 vaddr=3f400020 size=09cc0h ( 40128) map[0m
[0;32mI (119) esp_image: segment 1: paddr=00019ce8 vaddr=3ffb0000 size=02158h (  8536) load[0m
[0;32mI (123) esp_image: segment 2: paddr=0001be48 vaddr=40080000 size=041d0h ( 16848) load[0m
[0;32mI (132) esp_image: segment 3: paddr=00020020 vaddr=400d0020 size=14dd4h ( 85460) map[0m
[0;32mI (164) esp_image: segment 4: paddr=00034dfc vaddr=400841d0 size=081ech ( 33260) load[0m
[0;32mI (185) boot: Loaded app from partition at offset 0x10000[0m
[0;32mI (185) boot: Disabling RNG early entropy source...[0m
[0;32mI (196) cpu_start: Multicore app[0m
[0;32mI (197) cpu_start: Pro cpu up.[0m
[0;32mI (197) cpu_start: Starting app cpu, entry point is 0x400810fc[0m
[0;32mI (0) cpu_start: App cpu up.[0m
[0;32mI (215) cpu_start: Pro cpu start user code[0m
[0;32mI (215) cpu_start: cpu freq: 160000000 Hz[0m
[0;32mI (215) cpu_start: Application information:[0m
[0;32mI (219) cpu_start: Project name:     FirstApp[0m
[0;32mI (224) cpu_start: App version:      f0746b7-dirty[0m
[0;32mI (230) cpu_start: Compile time:     Dec 15 2023 21:58:33[0m
[0;32mI (236) cpu_start: ELF file SHA256:  ee1dc6fe1aebb9c5...[0m
[0;32mI (242) cpu_start: ESP-IDF:          v5.1.1-dirty[0m
[0;32mI (247) cpu_start: Min chip rev:     v0.0[0m
[0;32mI (252) cpu_start: Max chip rev:     v3.99 [0m
[0;32mI (257) cpu_start: Chip rev:         v3.1[0m
[0;32mI (262) heap_init: Initializing. RAM available for dynamic allocation:[0m
[0;32mI (269) heap_init: At 3FFAE6E0 len 00001920 (6 KiB): DRAM[0m
[0;32mI (275) heap_init: At 3FFB29C8 len 0002D638 (181 KiB): DRAM[0m
[0;32mI (281) heap_init: At 3FFE0440 len 00003AE0 (14 KiB): D/IRAM[0m
[0;32mI (287) heap_init: At 3FFE4350 len 0001BCB0 (111 KiB): D/IRAM[0m
[0;32mI (294) heap_init: At 4008C3BC len 00013C44 (79 KiB): IRAM[0m
[0;32mI (302) spi_flash: detected chip: generic[0m
[0;32mI (305) spi_flash: flash io: dio[0m
[0;33mW (309) spi_flash: Detected size(4096k) larger than the size in the binary image header(2048k). Using the size in the binary image header.[0m
[0;32mI (322) app_start: Starting scheduler on CPU0[0m
[0;32mI (327) app_start: Starting scheduler on CPU1[0m
[0;32mI (327) main_task: Started on CPU0[0m
[0;32mI (337) main_task: Calling app_main()[0m
[0;32mI (337) gpio: GPIO[19]| InputEn: 1| OutputEn: 0| OpenDrain: 0| Pullup: 1| Pulldown: 0| Intr:1 [0m
[0;32mI (347) gpio: GPIO[2]| InputEn: 0| OutputEn: 1| OpenDrain: 0| Pullup: 0| Pulldown: 0| Intr:0 [0m
[0;32mI (357) gpio: GPIO[26]| InputEn: 0| OutputEn: 1| OpenDrain: 0| Pullup: 0| Pulldown: 0| Intr:0 [0m
[0;32mI (367) main_task: Returned from app_main()[0m
[0;32mI (2857) Button_Task: Button pressed. Blinking [0m
[0;32mI (4957) Button_Task: Button pressed. Blinking disabled. Exiting...[0m
[0;31mE (14957) FreeRTOS: FreeRTOS Task "button Task uar" should not return, Aborting now![0m

abort() was called at PC 0x4008800b on core 0


Backtrace: 0x4008172e:0x3ffb6190 0x4008593d:0x3ffb61b0 0x4008af02:0x3ffb61d0 0x4008800b:0x3ffb6240




ELF file SHA256: ee1dc6fe1aebb9c5

Rebooting...
ets Jul 29 2019 12:21:46

rst:0xc (SW_CPU_RESET),boot:0x13 (SPI_FAST_FLASH_BOOT)
configsip: 0, SPIWP:0xee
clk_drv:0x00,q_drv:0x00,d_drv:0x00,cs0_drv:0x00,hd_drv:0x00,wp_drv:0x00
mode:DIO, clock div:2
load:0x3fff0030,len:7084
ho 0 tail 12 room 4
load:0x40078000,len:15584
load:0x40080400,len:4
load:0x40080404,len:3876
entry 0x4008064c
[0;32mI (31) boot: ESP-IDF v5.1.1-dirty 2nd stage bootloader[0m
[0;32mI (31) boot: compile time Dec 15 2023 19:59:14[0m
[0;32mI (31) boot: Multicore bootloader[0m
[0;32mI (36) boot: chip revision: v3.1[0m
[0;32mI (40) boot.esp32: SPI Speed      : 40MHz[0m
[0;32mI (44) boot.esp32: SPI Mode       : DIO[0m
[0;32mI (49) boot.esp32: SPI Flash Size : 2MB[0m
[0;32mI (53) boot: Enabling RNG early entropy source...[0m
[0;32mI (59) boot: Partition Table:[0m
[0;32mI (62) boot: ## Label            Usage          Type ST Offset   Length[0m
[0;32mI (70) boot:  0 nvs              WiFi data        01 02 00009000 00006000[0m
[0;32mI (77) boot:  1 phy_init         RF data          01 01 0000f000 00001000[0m
[0;32mI (85) boot:  2 factory          factory app      00 00 00010000 00100000[0m
[0;32mI (92) boot: End of partition table[0m
[0;32mI (96) esp_image: segment 0: paddr=00010020 vaddr=3f400020 size=09cc0h ( 40128) map[0m
[0;32mI (119) esp_image: segment 1: paddr=00019ce8 vaddr=3ffb0000 size=02158h (  8536) load[0m
[0;32mI (123) esp_image: segment 2: paddr=0001be48 vaddr=40080000 size=041d0h ( 16848) load[0m
[0;32mI (132) esp_image: segment 3: paddr=00020020 vaddr=400d0020 size=14dd4h ( 85460) map[0m
[0;32mI (164) esp_image: segment 4: paddr=00034dfc vaddr=400841d0 size=081ech ( 33260) load[0m
[0;32mI (185) boot: Loaded app from partition at offset 0x10000[0m
[0;32mI (185) boot: Disabling RNG early entropy source...[0m
[0;32mI (196) cpu_start: Multicore app[0m
[0;32mI (197) cpu_start: Pro cpu up.[0m
[0;32mI (197) cpu_start: Starting app cpu, entry point is 0x400810fc[0m
[0;32mI (184) cpu_start: App cpu up.[0m
[0;32mI (215) cpu_start: Pro cpu start user code[0m
[0;32mI (215) cpu_start: cpu freq: 160000000 Hz[0m
[0;32mI (215) cpu_start: Application information:[0m
[0;32mI (219) cpu_start: Project name:     FirstApp[0m
[0;32mI (225) cpu_start: App version:      f0746b7-dirty[0m
[0;32mI (230) cpu_start: Compile time:     Dec 15 2023 21:58:33[0m
[0;32mI (236) cpu_start: ELF file SHA256:  ee1dc6fe1aebb9c5...[0m
[0;32mI (242) cpu_start: ESP-IDF:          v5.1.1-dirty[0m
[0;32mI (247) cpu_start: Min chip rev:     v0.0[0m
[0;32mI (252) cpu_start: Max chip rev:     v3.99 [0m
[0;32mI (257) cpu_start: Chip rev:         v3.1[0m
[0;32mI (262) heap_init: Initializing. RAM available for dynamic allocation:[0m
[0;32mI (269) heap_init: At 3FFAE6E0 len 00001920 (6 KiB): DRAM[0m
[0;32mI (275) heap_init: At 3FFB29C8 len 0002D638 (181 KiB): DRAM[0m
[0;32mI (281) heap_init: At 3FFE0440 len 00003AE0 (14 KiB): D/IRAM[0m
[0;32mI (288) heap_init: At 3FFE4350 len 0001BCB0 (111 KiB): D/IRAM[0m
[0;32mI (294) heap_init: At 4008C3BC len 00013C44 (79 KiB): IRAM[0m
[0;32mI (302) spi_flash: detected chip: generic[0m
[0;32mI (305) spi_flash: flash io: dio[0m
[0;33mW (309) spi_flash: Detected size(4096k) larger than the size in the binary image header(2048k). Using the size in the binary image header.[0m
[0;32mI (322) app_start: Starting scheduler on CPU0[0m
[0;32mI (327) app_start: Starting scheduler on CPU1[0m
[0;32mI (327) main_task: Started on CPU0[0m
[0;32mI (337) main_task: Calling app_main()[0m
[0;32mI (337) gpio: GPIO[19]| InputEn: 1| OutputEn: 0| OpenDrain: 0| Pullup: 1| Pulldown: 0| Intr:1 [0m
[0;32mI (347) gpio: GPIO[2]| InputEn: 0| OutputEn: 1| OpenDrain: 0| Pullup: 0| Pulldown: 0| Intr:0 [0m
[0;32mI (357) gpio: GPIO[26]| InputEn: 0| OutputEn: 1| OpenDrain: 0| Pullup: 0| Pulldown: 0| Intr:0 [0m
[0;32mI (367) main_task: Returned from app_main()[0m
[0;32mI (3347) Button_Task: Button pressed. Blinking [0m
[0;32mI (5047) Button_Task: Button pressed. Blinking disabled. Exiting...[0m
[0;31mE (15047) FreeRTOS: FreeRTOS Task "button Task uar" should not return, Aborting now![0m

abort() was called at PC 0x4008800b on core 0


Backtrace: 0x4008172e:0x3ffb6190 0x4008593d:0x3ffb61b0 0x4008af02:0x3ffb61d0 0x4008800b:0x3ffb6240




ELF file SHA256: ee1dc6fe1aebb9c5

Rebooting...
ets Jul 29 2019 12:21:46

rst:0xc (SW_CPU_RESET),boot:0x13 (SPI_FAST_FLASH_BOOT)
configsip: 0, SPIWP:0xee
clk_drv:0x00,q_drv:0x00,d_drv:0x00,cs0_drv:0x00,hd_drv:0x00,wp_drv:0x00
mode:DIO, clock div:2
load:0x3fff0030,len:7084
ho 0 tail 12 room 4
load:0x40078000,len:15584
load:0x40080400,len:4
load:0x40080404,len:3876
entry 0x4008064c
[0;32mI (31) boot: ESP-IDF v5.1.1-dirty 2nd stage bootloader[0m
[0;32mI (31) boot: compile time Dec 15 2023 19:59:14[0m
[0;32mI (31) boot: Multicore bootloader[0m
[0;32mI (36) boot: chip revision: v3.1[0m
[0;32mI (40) boot.esp32: SPI Speed      : 40MHz[0m
[0;32mI (44) boot.esp32: SPI Mode       : DIO[0m
[0;32mI (49) boot.esp32: SPI Flash Size : 2MB[0m
[0;32mI (53) boot: Enabling RNG early entropy source...[0m
[0;32mI (59) boot: Partition Table:[0m
[0;32mI (62) boot: ## Label            Usage          Type ST Offset   Length[0m
[0;32mI (70) boot:  0 nvs              WiFi data        01 02 00009000 00006000[0m
[0;32mI (77) boot:  1 phy_init         RF data          01 01 0000f000 00001000[0m
[0;32mI (85) boot:  2 factory          factory app      00 00 00010000 00100000[0m
[0;32mI (92) boot: End of partition table[0m
[0;32mI (96) esp_image: segment 0: paddr=00010020 vaddr=3f400020 size=09cc0h ( 40128) map[0m
[0;32mI (119) esp_image: segment 1: paddr=00019ce8 vaddr=3ffb0000 size=02158h (  8536) load[0m
[0;32mI (123) esp_image: segment 2: paddr=0001be48 vaddr=40080000 size=041d0h ( 16848) load[0m
[0;32mI (132) esp_image: segment 3: paddr=00020020 vaddr=400d0020 size=14dd4h ( 85460) map[0m
[0;32mI (164) esp_image: segment 4: paddr=00034dfc vaddr=400841d0 size=081ech ( 33260) load[0m
[0;32mI (185) boot: Loaded app from partition at offset 0x10000[0m
[0;32mI (185) boot: Disabling RNG early entropy source...[0m
[0;32mI (196) cpu_start: Multicore app[0m
[0;32mI (197) cpu_start: Pro cpu up.[0m
[0;32mI (197) cpu_start: Starting app cpu, entry point is 0x400810fc[0m
[0;32mI (184) cpu_start: App cpu up.[0m
[0;32mI (215) cpu_start: Pro cpu start user code[0m
[0;32mI (215) cpu_start: cpu freq: 160000000 Hz[0m
[0;32mI (215) cpu_start: Application information:[0m
[0;32mI (219) cpu_start: Project name:     FirstApp[0m
[0;32mI (224) cpu_start: App version:      f0746b7-dirty[0m
[0;32mI (230) cpu_start: Compile time:     Dec 15 2023 21:58:33[0m
[0;32mI (236) cpu_start: ELF file SHA256:  ee1dc6fe1aebb9c5...[0m
[0;32mI (242) cpu_start: ESP-IDF:          v5.1.1-dirty[0m
[0;32mI (247) cpu_start: Min chip rev:     v0.0[0m
[0;32mI (252) cpu_start: Max chip rev:     v3.99 [0m
[0;32mI (257) cpu_start: Chip rev:         v3.1[0m
[0;32mI (262) heap_init: Initializing. RAM available for dynamic allocation:[0m
[0;32mI (269) heap_init: At 3FFAE6E0 len 00001920 (6 KiB): DRAM[0m
[0;32mI (275) heap_init: At 3FFB29C8 len 0002D638 (181 KiB): DRAM[0m
[0;32mI (281) heap_init: At 3FFE0440 len 00003AE0 (14 KiB): D/IRAM[0m
[0;32mI (288) heap_init: At 3FFE4350 len 0001BCB0 (111 KiB): D/IRAM[0m
[0;32mI (294) heap_init: At 4008C3BC len 00013C44 (79 KiB): IRAM[0m
[0;32mI (302) spi_flash: detected chip: generic[0m
[0;32mI (305) spi_flash: flash io: dio[0m
[0;33mW (309) spi_flash: Detected size(4096k) larger than the size in the binary image header(2048k). Using the size in the binary image header.[0m
[0;32mI (322) app_start: Starting scheduler on CPU0[0m
[0;32mI (327) app_start: Starting scheduler on CPU1[0m
[0;32mI (327) main_task: Started on CPU0[0m
[0;32mI (337) main_task: Calling app_main()[0m
[0;32mI (337) gpio: GPIO[19]| InputEn: 1| OutputEn: 0| OpenDrain: 0| Pullup: 1| Pulldown: 0| Intr:1 [0m
[0;32mI (347) gpio: GPIO[2]| InputEn: 0| OutputEn: 1| OpenDrain: 0| Pullup: 0| Pulldown: 0| Intr:0 [0m
[0;32mI (357) gpio: GPIO[26]| InputEn: 0| OutputEn: 1| OpenDrain: 0| Pullup: 0| Pulldown: 0| Intr:0 [0m
[0;32mI (367) main_task: Returned from app_main()[0m
Executing action: app-flash
Running ninja in directory C:\Users\MateoAlmeida\Desktop\RstrC\STRchng\JLearning\FirstApp\build
Executing "ninja app-flash"...
[1/7] Building C object esp-idf/main/CMakeFiles/__idf_main.dir/tasks.c.obj
In file included from C:/Users/MateoAlmeida/Desktop/RstrC/STRchng/JLearning/FirstApp/main/blinkStr.h:13,
                 from C:/Users/MateoAlmeida/Desktop/RstrC/STRchng/JLearning/FirstApp/main/tasks.h:4,
                 from C:/Users/MateoAlmeida/Desktop/RstrC/STRchng/JLearning/FirstApp/main/tasks.c:1:
C:/Espressif/frameworks/esp-idf-v5.1.1/components/driver/deprecated/driver/adc.h:19:2: warning: #warning "legacy adc driver is deprecated, please migrate to use esp_adc/adc_oneshot.h and esp_adc/adc_continuous.h for oneshot mode and continuous mode drivers respectively" [-Wcpp]
   19 | #warning "legacy adc driver is deprecated, please migrate to use esp_adc/adc_oneshot.h and esp_adc/adc_continuous.h for oneshot mode and continuous mode drivers respectively"
      |  ^~~~~~~
C:/Users/MateoAlmeida/Desktop/RstrC/STRchng/JLearning/FirstApp/main/tasks.c:8:1: warning: ignoring attribute 'section (".iram1.1")' because it conflicts with previous 'section (".iram1.0")' [-Wattributes]
    8 | {
      | ^
C:/Users/MateoAlmeida/Desktop/RstrC/STRchng/JLearning/FirstApp/main/tasks.h:12:16: note: previous declaration here
   12 | void IRAM_ATTR buttonPress(void *arg);
      |                ^~~~~~~~~~~
C:/Users/MateoAlmeida/Desktop/RstrC/STRchng/JLearning/FirstApp/main/tasks.c: In function 'mainTask':
C:/Users/MateoAlmeida/Desktop/RstrC/STRchng/JLearning/FirstApp/main/tasks.c:33:9: warning: unused variable 'buttonState' [-Wunused-variable]
   33 |     int buttonState;             // redunding
      |         ^~~~~~~~~~~
[2/7] Linking C static library esp-idf\main\libmain.a
[3/7] Generating ld/sections.ld
[4/7] Linking CXX executable FirstApp.elf
[5/7] Generating binary image from built executable
esptool.py v4.7.dev1
Creating esp32 image...
Merged 2 ELF sections
Successfully created esp32 image.
Generated C:/Users/MateoAlmeida/Desktop/RstrC/STRchng/JLearning/FirstApp/build/FirstApp.bin
[6/7] cmd.exe /C "cd /D C:\Users\MateoAlmeida\Desktop\RstrC\STRchng\JLearning\FirstApp\build\esp-idf\esptool_py && C:\ESP32\Espressif\python_env\idf5.1_py3.11_env\Scripts\python.exe C:/Espressif/frameworks/esp-idf-v5.1.1/components/partition_table/check_sizes.py --offset 0x8000 partition --type app C:/Users/MateoAlmeida/Desktop/RstrC/STRchng/JLearning/FirstApp/build/partition_table/partition-table.bin C:/Users/MateoAlmeida/Desktop/RstrC/STRchng/JLearning/FirstApp/build/FirstApp.bin"
FirstApp.bin binary size 0x2d010 bytes. Smallest app partition is 0x100000 bytes. 0xd2ff0 bytes (82%) free.
[6/7] cmd.exe /C "cd /D C:\Espressif\frameworks\esp-idf-v5.1.1\components\esptool_py && C:\ESP32\Espressif\tools\cmake\3.24.0\bin\cmake.exe -D IDF_PATH=C:/Espressif/frameworks/esp-idf-v5.1.1 -D SERIAL_TOOL=C:/ESP32/Espressif/python_env/idf5.1_py3.11_env/Scripts/python.exe;;C:/Espressif/frameworks/esp-idf-v5.1.1/components/esptool_py/esptool/esptool.py;--chip;esp32 -D SERIAL_TOOL_ARGS=--before=default_reset;--after=hard_reset;write_flash;@app-flash_args -D WORKING_DIRECTORY=C:/Users/MateoAlmeida/Desktop/RstrC/STRchng/JLearning/FirstApp/build -P C:/Espressif/frameworks/esp-idf-v5.1.1/components/esptool_py/run_serial_tool.cmake"
esptool.py --chip esp32 -p COM5 -b 460800 --before=default_reset --after=hard_reset write_flash --flash_mode dio --flash_freq 40m --flash_size 2MB 0x10000 FirstApp.bin
esptool.py v4.7.dev1
Serial port COM5
Connecting....
Chip is ESP32-D0WD-V3 (revision v3.1)
Features: WiFi, BT, Dual Core, 240MHz, VRef calibration in efuse, Coding Scheme None
Crystal is 40MHz
MAC: b0:a7:32:23:37:94
Uploading stub...
Running stub...
Stub running...
Changing baud rate to 460800
Changed.
Configuring flash size...
Flash will be erased from 0x00010000 to 0x0003dfff...
Compressed 184336 bytes to 101956...
Writing at 0x00010000... (14 %)
Writing at 0x0001c7d6... (28 %)
Writing at 0x000220d5... (42 %)
Writing at 0x00027e12... (57 %)
Writing at 0x0002e0e0... (71 %)
Writing at 0x00035e13... (85 %)
Writing at 0x0003b9f9... (100 %)
Wrote 184336 bytes (101956 compressed) at 0x00010000 in 2.4 seconds (effective 606.0 kbit/s)...
Hash of data verified.

Leaving...
Hard resetting via RTS pin...
Done
xx ï¿½xï¿½xï¿½xxximageï¿½ets Jul 29 2019 12:21:46

rst:0x1 (POWERON_RESET),boot:0x13 (SPI_FAST_FLASH_BOOT)
configsip: 0, SPIWP:0xee
clk_drv:0x00,q_drv:0x00,d_drv:0x00,cs0_drv:0x00,hd_drv:0x00,wp_drv:0x00
mode:DIO, clock div:2
load:0x3fff0030,len:7084
ho 0 tail 12 room 4
load:0x40078000,len:15584
load:0x40080400,len:4
load:0x40080404,len:3876
entry 0x4008064c
[0;32mI (31) boot: ESP-IDF v5.1.1-dirty 2nd stage bootloader[0m
[0;32mI (31) boot: compile time Dec 15 2023 19:59:14[0m
[0;32mI (31) boot: Multicore bootloader[0m
[0;32mI (36) boot: chip revision: v3.1[0m
[0;32mI (40) boot.esp32: SPI Speed      : 40MHz[0m
[0;32mI (44) boot.esp32: SPI Mode       : DIO[0m
[0;32mI (49) boot.esp32: SPI Flash Size : 2MB[0m
[0;32mI (53) boot: Enabling RNG early entropy source...[0m
[0;32mI (59) boot: Partition Table:[0m
[0;32mI (62) boot: ## Label            Usage          Type ST Offset   Length[0m
[0;32mI (70) boot:  0 nvs              WiFi data        01 02 00009000 00006000[0m
[0;32mI (77) boot:  1 phy_init         RF data          01 01 0000f000 00001000[0m
[0;32mI (85) boot:  2 factory          factory app      00 00 00010000 00100000[0m
[0;32mI (92) boot: End of partition table[0m
[0;32mI (96) esp_image: segment 0: paddr=00010020 vaddr=3f400020 size=09cc0h ( 40128) map[0m
[0;32mI (119) esp_image: segment 1: paddr=00019ce8 vaddr=3ffb0000 size=02158h (  8536) load[0m
[0;32mI (123) esp_image: segment 2: paddr=0001be48 vaddr=40080000 size=041d0h ( 16848) load[0m
[0;32mI (132) esp_image: segment 3: paddr=00020020 vaddr=400d0020 size=14dd4h ( 85460) map[0m
[0;32mI (164) esp_image: segment 4: paddr=00034dfc vaddr=400841d0 size=081ech ( 33260) load[0m
[0;32mI (185) boot: Loaded app from partition at offset 0x10000[0m
[0;32mI (185) boot: Disabling RNG early entropy source...[0m
[0;32mI (196) cpu_start: Multicore app[0m
[0;32mI (197) cpu_start: Pro cpu up.[0m
[0;32mI (197) cpu_start: Starting app cpu, entry point is 0x400810fc[0m
[0;32mI (0) cpu_start: App cpu up.[0m
[0;32mI (215) cpu_start: Pro cpu start user code[0m
[0;32mI (215) cpu_start: cpu freq: 160000000 Hz[0m
[0;32mI (215) cpu_start: Application information:[0m
[0;32mI (219) cpu_start: Project name:     FirstApp[0m
[0;32mI (224) cpu_start: App version:      f0746b7-dirty[0m
[0;32mI (230) cpu_start: Compile time:     Dec 15 2023 21:58:33[0m
[0;32mI (236) cpu_start: ELF file SHA256:  bc31a122b9f9859a...[0m
[0;32mI (242) cpu_start: ESP-IDF:          v5.1.1-dirty[0m
[0;32mI (247) cpu_start: Min chip rev:     v0.0[0m
[0;32mI (252) cpu_start: Max chip rev:     v3.99 [0m
[0;32mI (257) cpu_start: Chip rev:         v3.1[0m
[0;32mI (262) heap_init: Initializing. RAM available for dynamic allocation:[0m
[0;32mI (269) heap_init: At 3FFAE6E0 len 00001920 (6 KiB): DRAM[0m
[0;32mI (275) heap_init: At 3FFB29C8 len 0002D638 (181 KiB): DRAM[0m
[0;32mI (281) heap_init: At 3FFE0440 len 00003AE0 (14 KiB): D/IRAM[0m
[0;32mI (287) heap_init: At 3FFE4350 len 0001BCB0 (111 KiB): D/IRAM[0m
[0;32mI (294) heap_init: At 4008C3BC len 00013C44 (79 KiB): IRAM[0m
[0;32mI (302) spi_flash: detected chip: generic[0m
[0;32mI (305) spi_flash: flash io: dio[0m
[0;33mW (309) spi_flash: Detected size(4096k) larger than the size in the binary image header(2048k). Using the size in the binary image header.[0m
[0;32mI (322) app_start: Starting scheduler on CPU0[0m
[0;32mI (327) app_start: Starting scheduler on CPU1[0m
[0;32mI (327) main_task: Started on CPU0[0m
[0;32mI (337) main_task: Calling app_main()[0m
[0;32mI (337) gpio: GPIO[19]| InputEn: 1| OutputEn: 0| OpenDrain: 0| Pullup: 1| Pulldown: 0| Intr:1 [0m
[0;32mI (347) gpio: GPIO[2]| InputEn: 0| OutputEn: 1| OpenDrain: 0| Pullup: 0| Pulldown: 0| Intr:0 [0m
[0;32mI (357) gpio: GPIO[26]| InputEn: 0| OutputEn: 1| OpenDrain: 0| Pullup: 0| Pulldown: 0| Intr:0 [0m
[0;32mI (367) main_task: Returned from app_main()[0m
